>>> with open('word-rnn-clean.txt', 'r') as f: amb_clean = f.read().replace('\n', '')
... 
>>> with open('word-rnn-raw.txt', 'r') as f: amb_raw = f.read().replace('\n', '')
... 
Traceback (most recent call last):
  File "<stdin>", line 1, in <module>
  File "/home/toanlm/anaconda3/lib/python3.6/codecs.py", line 321, in decode
    (result, consumed) = self._buffer_decode(data, self.errors, final)
UnicodeDecodeError: 'utf-8' codec can't decode byte 0x94 in position 111: invalid start byte
>>> clean_matches = tool.check(amb_clean)
>>> len(clean_matches)
19

>>> print(clean_matches[10])
Line 1, column 488, Rule ID: MORFOLOGIK_RULE_EN_US
Message: Possible spelling mistake found
Suggestion: in; is; I; it; him; if; km; FM; am; cm; mm; IBM; Jim; PM; pm; rim; ID; IQ; id; IMF; dim; IMO; um; imp; aim; gm; vim; GM; Kim; Tim; AM; Am; BM; Cm; EM; Fm; HM; IA; IE; IL; IN; IT; IV; Ia; In; Io; Ir; It; M; MM; NM; Pm; QM; Sm; TM; Tm; Wm; em; i; ii; ism; iv; ix; m; mi; om; rm; i m
...f the jam vocal guitar shouts and cries im not really there evokes the course of l...
                                           ^^
>>> print(clean_matches[5])
Line 1, column 244, Rule ID: EN_A_VS_AN
Message: Use 'a' instead of 'an' if the following word doesn't start with a vowel sound, e.g. 'a sentence', 'a university'
Suggestion: a
...onnolly sample hasnt been entities like an trail of time on the silence ten guitar...
